// Jest Snapshot v1, https://goo.gl/fbAQLP

exports[`VUserSearchForm should render the component 1`] = `<form><input type="text"> <button type="submit">Submit</button></form>`;
